5k real 5k fake and 3 clients with different mu values:
mu = 0.05
  --- PERFORMANCE SUMMARY ---
  Model                  | Split | AUC    | F1     | Acc    | Prec   | Rec   
  -----------------------------------------------------------------------
  Teacher (Centralized)  | Val   | 0.9994 | 0.9861 | 0.9888 | 0.9765 | 0.9960
  Student (Round 8)      | Val   | 0.9999 | 0.9940 | 0.9952 | 0.9980 | 0.9900
  Student (Calibrated)   | Val   | 0.9998 | 0.9920 | 0.9936 | 0.9920 | 0.9920
  Student (Final)        | Test  | 0.9985 | 0.9471 | 0.9329 | 0.9978 | 0.9013


mu = 0.01
  --- PERFORMANCE SUMMARY ---
  Model                  | Split | AUC    | F1     | Acc    | Prec   | Rec   
  -----------------------------------------------------------------------
  Teacher (Centralized)  | Val   | 0.9992 | 0.9881 | 0.9904 | 0.9784 | 0.9980
  Student (Round 8)      | Val   | 0.9999 | 0.9930 | 0.9944 | 0.9901 | 0.9960
  Student (Calibrated)   | Val   | 0.9997 | 0.9930 | 0.9944 | 0.9920 | 0.9940
  Student (Final)        | Test  | 0.9981 | 0.9603 | 0.9489 | 0.9964 | 0.9267  

mu = 0.1
    --- PERFORMANCE SUMMARY ---
  Model                  | Split | AUC    | F1     | Acc    | Prec   | Rec   
  -----------------------------------------------------------------------
  Teacher (Centralized)  | Val   | 0.9990 | 0.9841 | 0.9872 | 0.9802 | 0.9880
  Student (Round 8)      | Val   | 0.9999 | 0.9940 | 0.9952 | 0.9920 | 0.9960
  Student (Calibrated)   | Val   | 0.9997 | 0.9930 | 0.9944 | 0.9901 | 0.9960
  Student (Final)        | Test  | 0.9971 | 0.9593 | 0.9476 | 0.9943 | 0.9267


The Impact of Federated Learning vs. Centralized (The Baseline Comparison)
with mu = .01 and using only ce
Model Setup	Parameters	Training Data	
Centralized Teacher	35.1 M	Centralized (All)	Acc: 0.9871 | Prec: 0.9826 | Rec: 0.9900 | F1: 0.9863 | AUC: 0.9985
Centralized Student	3.1 M	Centralized (All)	Acc: 0.9436 | Prec: 0.9991 | Rec: 0.9233 | F1: 0.9597 | AUC: 0.9987
Fed Student + KD (Ours)	3.1 M	Federated (Non-IID)	Acc: 0.9182 | Prec: 0.9991 | Rec: 0.8883 | F1: 0.9404 | AUC: 0.9984